// Jest Snapshot v1, https://goo.gl/fbAQLP

exports[`Home snapShot 1`] = `
<View
  style={
    {
      "alignItems": "center",
      "flex": 1,
      "justifyContent": "center",
    }
  }
>
  <TextInput
    onChangeText={[Function]}
    placeholder="Enter the username"
    style={
      {
        "backgroundColor": "gray",
        "marginBottom": 15,
      }
    }
    testID="username"
  />
</View>
`;
